// Jest Snapshot v1, https://goo.gl/fbAQLP

exports[`Battle Ships Should render correctly 1`] = `ShallowWrapper {}`;
