// Jest Snapshot v1, https://goo.gl/fbAQLP

exports[`Info Board Should render correctly 1`] = `ShallowWrapper {}`;
