// Jest Snapshot v1, https://goo.gl/fbAQLP

exports[`Draw Sprite Should render correctly 1`] = `ShallowWrapper {}`;
